// Vitest Snapshot v1, https://vitest.dev/guide/snapshot.html

exports[`test GET /docs/api.json > snapshot test 1`] = `
{
  "components": {
    "parameters": {},
    "schemas": {},
  },
  "info": {
    "title": "Fujimatsu API Reference",
    "version": "1.0.0",
  },
  "openapi": "3.1.0",
  "paths": {
    "/": {
      "get": {
        "description": "Health check",
        "responses": {
          "200": {
            "content": {
              "application/json": {
                "schema": {
                  "properties": {
                    "message": {
                      "type": "string",
                    },
                  },
                  "required": [
                    "message",
                  ],
                  "type": "object",
                },
              },
            },
            "description": "OK",
          },
        },
      },
    },
    "/v1/discord/oauth2/authorize": {
      "get": {
        "description": "Authorize",
        "responses": {
          "302": {
            "description": "Redirect to Discord Login URL",
          },
          "500": {
            "content": {
              "application/json": {
                "schema": {
                  "properties": {
                    "message": {
                      "enum": [
                        "Internal server error",
                      ],
                      "type": "string",
                    },
                  },
                  "required": [
                    "message",
                  ],
                  "type": "object",
                },
              },
            },
            "description": "Internal Server Error",
          },
        },
      },
    },
  },
}
`;
